🚀 Deploying Hazem Ali Galal Portfolio to 91.108.113.135...
[1/6] Preparing production files...
   ✅ Bundle created (864K)
[2/6] Uploading to server...
[3/6] Setting up server...
Pseudo-terminal will not be allocated because stdin is not a terminal.
Welcome to Ubuntu 24.04.3 LTS (GNU/Linux 6.8.0-90-generic x86_64)

 * Documentation:  https://help.ubuntu.com
 * Management:     https://landscape.canonical.com
 * Support:        https://ubuntu.com/pro

 System information as of Fri Feb 27 22:45:54 UTC 2026

  System load:  0.03               Processes:             124
  Usage of /:   16.8% of 47.39GB   Users logged in:       0
  Memory usage: 33%                IPv4 address for eth0: 91.108.113.135
  Swap usage:   0%                 IPv6 address for eth0: 2a02:4780:28:165f::1

 * Strictly confined Kubernetes makes edge and IoT secure. Learn how MicroK8s
   just raised the bar for easy, resilient and secure K8s cluster deployment.

   https://ubuntu.com/engage/secure-kubernetes-at-the-edge

Expanded Security Maintenance for Applications is not enabled.

39 updates can be applied immediately.
To see these additional updates run: apt list --upgradable

6 additional security updates can be applied with ESM Apps.
Learn more about enabling ESM Apps service at https://ubuntu.com/esm


1 updates could not be installed automatically. For more details,
see /var/log/unattended-upgrades/unattended-upgrades.log

*** System restart required ***
   Node.js: v20.19.6
   npm: 10.8.2

added 179 packages, and audited 180 packages in 2s

28 packages are looking for funding
  run `npm fund` for details

1 high severity vulnerability

To address all issues (including breaking changes), run:
  npm audit fix --force

Run `npm audit` for details.
🌱 Refreshing database with expert content...
✅ SQLite Database initialized successfully
✅ Expertise areas (14) seeded
✅ Expert blog posts (14) seeded uniquely per industry
🌱 Seeding complete!
nginx: the configuration file /etc/nginx/nginx.conf syntax is ok
nginx: configuration file /etc/nginx/nginx.conf test is successful
✅ Service is running!

✅ Server deployment complete!
[4/6] Verifying deployment...
   ✅ Website responds with HTTP 200
   📊 Admin dashboard: HTTP 200
   🔗 API Health: {"status":"ok","timestamp":"2026-02-27T22:46:30.287Z","uptime":5.47633971}
[5/6] Cleaning up...

[6/6] Deployment Summary
==================================
✅ Deployment complete!
🌐 Website: http://91.108.113.135
📊 Admin: http://91.108.113.135/admin
🔗 API: http://91.108.113.135/api/health

📝 Admin Credentials:
   Email: hazemaligalal999@gmail.com
   Password: HazemAdmin@2026!

🔧 Server Commands:
   SSH: ssh root@91.108.113.135
   Logs: ssh root@91.108.113.135 'journalctl -u hazem-portfolio -f'
   Restart: ssh root@91.108.113.135 'systemctl restart hazem-portfolio'
   Status: ssh root@91.108.113.135 'systemctl status hazem-portfolio'

🔒 Next steps (optional):
   1. Setup SSL: ssh root@91.108.113.135 'apt install certbot python3-certbot-nginx && certbot --nginx'
   2. Configure email SMTP in /opt/hazem-portfolio/.env
==================================
